// Jest Snapshot v1, https://goo.gl/fbAQLP

exports[`SpaceHeader should add the "squashed"-class when the sidebar is opened 1`] = `
<div class="space-header oc-p-m oc-flex space-header-squashed">
  <div class="space-header-image">
    <div class="space-header-image-default oc-flex oc-flex-middle oc-flex-center"><span class="oc-px-m oc-py-m oc-icon oc-icon-xxl oc-icon-passive"><!----></span></div>
  </div>
  <div class="space-header-infos">
    <div class="oc-flex oc-mb-s oc-flex-middle oc-flex-between">
      <div class="oc-flex oc-flex-middle space-header-infos-heading">
        <h1 class="space-header-name"></h1> <button aria-label="Show context menu" type="button" class="oc-ml-s oc-button oc-rounded oc-button-m oc-button-justify-content-center oc-button-gap-m oc-button-passive oc-button-passive-raw" id="space-context-btn"><span class="oc-icon oc-icon-m oc-icon-passive"><!----></span></button>
        <div id="space-context-drop" class="oc-drop oc-box-shadow-medium oc-rounded" options="[object Object]">
          <div class="oc-card oc-card-body oc-background-secondary oc-p-s">
            <div>
              <div id="oc-files-context-menu">
                <ul id="oc-files-context-actions-members" class="oc-list oc-my-rm oc-mx-rm oc-files-context-actions oc-pb-s oc-files-context-actions-border">
                  <li class="oc-files-context-action oc-px-s oc-rounded oc-menu-item-hover"><button type="button" class="oc-button oc-rounded oc-button-s oc-button-justify-content-center oc-button-gap-m oc-button-passive oc-button-passive-raw oc-files-actions-show-details-trigger action-menu-item" data-testid="action-handler"><span class="oc-icon oc-icon-m oc-icon-passive" data-testid="action-icon"><!----></span> <span data-testid="action-label" class="oc-files-context-action-label">Members</span>
                      <!---->
                      <!---->
                    </button></li>
                </ul>
                <ul id="oc-files-context-actions-trashBin" class="oc-list oc-my-rm oc-mx-rm oc-files-context-actions oc-pt-s">
                  <li class="oc-files-context-action oc-px-s oc-rounded oc-menu-item-hover"><button type="button" class="oc-button oc-rounded oc-button-s oc-button-justify-content-center oc-button-gap-m oc-button-passive oc-button-passive-raw oc-files-actions-delete-trigger action-menu-item" data-testid="action-handler"><span class="oc-icon oc-icon-m oc-icon-passive" data-testid="action-icon"><!----></span> <span data-testid="action-label" class="oc-files-context-action-label">Deleted files</span>
                      <!---->
                      <!---->
                    </button></li>
                </ul>
              </div>
              <!---->
              <!----> <input id="space-image-upload-input" type="file" name="file" multiple="multiple" tabindex="-1" accept="image/*">
            </div>
          </div>
        </div>
      </div>
      <!---->
    </div>
    <!---->
    <div>
      <div class="markdown-container"></div>
      <!---->
    </div>
  </div>
</div>
`;

exports[`SpaceHeader space image should show the default image if no other image is set 1`] = `
<div class="space-header oc-p-m oc-flex">
  <div class="space-header-image">
    <div class="space-header-image-default oc-flex oc-flex-middle oc-flex-center"><span class="oc-px-m oc-py-m oc-icon oc-icon-xxl oc-icon-passive"><!----></span></div>
  </div>
  <div class="space-header-infos">
    <div class="oc-flex oc-mb-s oc-flex-middle oc-flex-between">
      <div class="oc-flex oc-flex-middle space-header-infos-heading">
        <h1 class="space-header-name"></h1> <button aria-label="Show context menu" type="button" class="oc-ml-s oc-button oc-rounded oc-button-m oc-button-justify-content-center oc-button-gap-m oc-button-passive oc-button-passive-raw" id="space-context-btn"><span class="oc-icon oc-icon-m oc-icon-passive"><!----></span></button>
        <div id="space-context-drop" class="oc-drop oc-box-shadow-medium oc-rounded" options="[object Object]">
          <div class="oc-card oc-card-body oc-background-secondary oc-p-s">
            <div>
              <div id="oc-files-context-menu">
                <ul id="oc-files-context-actions-members" class="oc-list oc-my-rm oc-mx-rm oc-files-context-actions oc-pb-s oc-files-context-actions-border">
                  <li class="oc-files-context-action oc-px-s oc-rounded oc-menu-item-hover"><button type="button" class="oc-button oc-rounded oc-button-s oc-button-justify-content-center oc-button-gap-m oc-button-passive oc-button-passive-raw oc-files-actions-show-details-trigger action-menu-item" data-testid="action-handler"><span class="oc-icon oc-icon-m oc-icon-passive" data-testid="action-icon"><!----></span> <span data-testid="action-label" class="oc-files-context-action-label">Members</span>
                      <!---->
                      <!---->
                    </button></li>
                </ul>
                <ul id="oc-files-context-actions-trashBin" class="oc-list oc-my-rm oc-mx-rm oc-files-context-actions oc-pt-s">
                  <li class="oc-files-context-action oc-px-s oc-rounded oc-menu-item-hover"><button type="button" class="oc-button oc-rounded oc-button-s oc-button-justify-content-center oc-button-gap-m oc-button-passive oc-button-passive-raw oc-files-actions-delete-trigger action-menu-item" data-testid="action-handler"><span class="oc-icon oc-icon-m oc-icon-passive" data-testid="action-icon"><!----></span> <span data-testid="action-label" class="oc-files-context-action-label">Deleted files</span>
                      <!---->
                      <!---->
                    </button></li>
                </ul>
              </div>
              <!---->
              <!----> <input id="space-image-upload-input" type="file" name="file" multiple="multiple" tabindex="-1" accept="image/*">
            </div>
          </div>
        </div>
      </div>
      <!---->
    </div>
    <!---->
    <div>
      <div class="markdown-container"></div>
      <!---->
    </div>
  </div>
</div>
`;

exports[`SpaceHeader space image should show the set image 1`] = `
<div class="space-header oc-p-m oc-flex">
  <div class="space-header-image"><img alt="" class="oc-cursor-pointer"></div>
  <div class="space-header-infos">
    <div class="oc-flex oc-mb-s oc-flex-middle oc-flex-between">
      <div class="oc-flex oc-flex-middle space-header-infos-heading">
        <h1 class="space-header-name"></h1> <button aria-label="Show context menu" type="button" class="oc-ml-s oc-button oc-rounded oc-button-m oc-button-justify-content-center oc-button-gap-m oc-button-passive oc-button-passive-raw" id="space-context-btn"><span class="oc-icon oc-icon-m oc-icon-passive"><!----></span></button>
        <div id="space-context-drop" class="oc-drop oc-box-shadow-medium oc-rounded" options="[object Object]">
          <div class="oc-card oc-card-body oc-background-secondary oc-p-s">
            <div>
              <div id="oc-files-context-menu">
                <ul id="oc-files-context-actions-members" class="oc-list oc-my-rm oc-mx-rm oc-files-context-actions oc-pb-s oc-files-context-actions-border">
                  <li class="oc-files-context-action oc-px-s oc-rounded oc-menu-item-hover"><button type="button" class="oc-button oc-rounded oc-button-s oc-button-justify-content-center oc-button-gap-m oc-button-passive oc-button-passive-raw oc-files-actions-show-details-trigger action-menu-item" data-testid="action-handler"><span class="oc-icon oc-icon-m oc-icon-passive" data-testid="action-icon"><!----></span> <span data-testid="action-label" class="oc-files-context-action-label">Members</span>
                      <!---->
                      <!---->
                    </button></li>
                </ul>
                <ul id="oc-files-context-actions-trashBin" class="oc-list oc-my-rm oc-mx-rm oc-files-context-actions oc-pt-s">
                  <li class="oc-files-context-action oc-px-s oc-rounded oc-menu-item-hover"><button type="button" class="oc-button oc-rounded oc-button-s oc-button-justify-content-center oc-button-gap-m oc-button-passive oc-button-passive-raw oc-files-actions-delete-trigger action-menu-item" data-testid="action-handler"><span class="oc-icon oc-icon-m oc-icon-passive" data-testid="action-icon"><!----></span> <span data-testid="action-label" class="oc-files-context-action-label">Deleted files</span>
                      <!---->
                      <!---->
                    </button></li>
                </ul>
              </div>
              <!---->
              <!----> <input id="space-image-upload-input" type="file" name="file" multiple="multiple" tabindex="-1" accept="image/*">
            </div>
          </div>
        </div>
      </div>
      <!---->
    </div>
    <!---->
    <div>
      <div class="markdown-container"></div>
      <!---->
    </div>
  </div>
</div>
`;
